../Core/Src/main.c:73:5:main	72	static
../Core/Src/main.c:163:6:delay_us	24	static
../Core/Src/main.c:170:6:HCSR04_Trigger	8	static
../Core/Src/main.c:177:10:HCSR04_Read	16	static
../Core/Src/main.c:200:6:UART2_SendString	16	static
../Core/Src/main.c:209:6:SystemClock_Config	88	static
../Core/Src/main.c:257:13:MX_TIM4_Init	32	static
../Core/Src/main.c:302:13:MX_USART2_UART_Init	8	static
../Core/Src/main.c:335:13:MX_GPIO_Init	48	static
../Core/Src/main.c:381:6:Error_Handler	4	static,ignoring_inline_asm
